[INFO] Scanning for projects...
[INFO] ------------------------------------------------------------------------
[INFO] Reactor Build Order:
[INFO] 
[INFO] Generator - Root                                                   [pom]
[INFO] Generator - Model                                                  [jar]
[INFO] Generator - Persistence                                            [jar]
[INFO] Generator - Skeletons                                              [jar]
[INFO] Generator - Components                                             [jar]
[INFO] Generator - Core Skeletons                                         [jar]
[INFO] Generator - REST Skeletons                                         [jar]
[INFO] Generator - Angular Skeletons                                      [jar]
[INFO] Generator - Services                                               [jar]
[INFO] Generator - Bash                                                   [jar]
[INFO] Generator - Tests                                                  [jar]
[INFO] 
[INFO] ----------------< org.ifolks.generator:generator-root >-----------------
[INFO] Building Generator - Root 1.0.0-SNAPSHOT                          [1/11]
[INFO]   from pom.xml
[INFO] --------------------------------[ pom ]---------------------------------
[INFO] 
[INFO] ----------------< org.ifolks.generator:generator-model >----------------
[INFO] Building Generator - Model 1.0.0-SNAPSHOT                         [2/11]
[INFO]   from generator-model\pom.xml
[INFO] --------------------------------[ jar ]---------------------------------
[INFO] 
[INFO] --- resources:3.3.1:resources (default-resources) @ generator-model ---
[INFO] Copying 0 resource from src\main\resources to target\classes
[INFO] Copying 4 resources from src\main\resources to target\classes
[INFO] 
[INFO] --- compiler:3.11.0:compile (default-compile) @ generator-model ---
[INFO] Nothing to compile - all classes are up to date
[INFO] 
[INFO] -------------< org.ifolks.generator:generator-persistence >-------------
[INFO] Building Generator - Persistence 1.0.0-SNAPSHOT                   [3/11]
[INFO]   from generator-persistence\pom.xml
[INFO] --------------------------------[ jar ]---------------------------------
[INFO] 
[INFO] --- resources:3.3.1:resources (default-resources) @ generator-persistence ---
[INFO] Copying 0 resource from src\main\resources to target\classes
[INFO] Copying 1 resource from src\main\resources to target\classes
[INFO] 
[INFO] --- compiler:3.11.0:compile (default-compile) @ generator-persistence ---
[INFO] Nothing to compile - all classes are up to date
[INFO] 
[INFO] --------------< org.ifolks.generator:generator-skeletons >--------------
[INFO] Building Generator - Skeletons 1.0.0-SNAPSHOT                     [4/11]
[INFO]   from generator-skeletons\pom.xml
[INFO] --------------------------------[ jar ]---------------------------------
[INFO] 
[INFO] --- resources:3.3.1:resources (default-resources) @ generator-skeletons ---
[INFO] skip non existing resourceDirectory C:\Users\nicol\OneDrive\dev\sources\ifolks-open-source\ifolks-generator\generator-skeletons\src\main\resources
[INFO] skip non existing resourceDirectory C:\Users\nicol\OneDrive\dev\sources\ifolks-open-source\ifolks-generator\generator-skeletons\src\main\resources
[INFO] 
[INFO] --- compiler:3.11.0:compile (default-compile) @ generator-skeletons ---
[INFO] Nothing to compile - all classes are up to date
[INFO] 
[INFO] -------------< org.ifolks.generator:generator-components >--------------
[INFO] Building Generator - Components 1.0.0-SNAPSHOT                    [5/11]
[INFO]   from generator-components\pom.xml
[INFO] --------------------------------[ jar ]---------------------------------
[INFO] 
[INFO] --- resources:3.3.1:resources (default-resources) @ generator-components ---
[INFO] skip non existing resourceDirectory C:\Users\nicol\OneDrive\dev\sources\ifolks-open-source\ifolks-generator\generator-components\src\main\resources
[INFO] skip non existing resourceDirectory C:\Users\nicol\OneDrive\dev\sources\ifolks-open-source\ifolks-generator\generator-components\src\main\resources
[INFO] 
[INFO] --- compiler:3.11.0:compile (default-compile) @ generator-components ---
[INFO] Nothing to compile - all classes are up to date
[INFO] 
[INFO] -----------< org.ifolks.generator:generator-core-skeletons >------------
[INFO] Building Generator - Core Skeletons 1.0.0-SNAPSHOT                [6/11]
[INFO]   from generator-core-skeletons\pom.xml
[INFO] --------------------------------[ jar ]---------------------------------
[INFO] 
[INFO] --- resources:3.3.1:resources (default-resources) @ generator-core-skeletons ---
[INFO] Copying 0 resource from src\main\resources to target\classes
[INFO] Copying 26 resources from src\main\resources to target\classes
[INFO] 
[INFO] --- compiler:3.11.0:compile (default-compile) @ generator-core-skeletons ---
[INFO] Nothing to compile - all classes are up to date
[INFO] 
[INFO] -----------< org.ifolks.generator:generator-rest-skeletons >------------
[INFO] Building Generator - REST Skeletons 1.0.0-SNAPSHOT                [7/11]
[INFO]   from generator-rest-skeletons\pom.xml
[INFO] --------------------------------[ jar ]---------------------------------
[INFO] 
[INFO] --- resources:3.3.1:resources (default-resources) @ generator-rest-skeletons ---
[INFO] Copying 0 resource from src\main\resources to target\classes
[INFO] Copying 9 resources from src\main\resources to target\classes
[INFO] 
[INFO] --- compiler:3.11.0:compile (default-compile) @ generator-rest-skeletons ---
[INFO] Nothing to compile - all classes are up to date
[INFO] 
[INFO] ----------< org.ifolks.generator:generator-angular-skeletons >----------
[INFO] Building Generator - Angular Skeletons 1.0.0-SNAPSHOT             [8/11]
[INFO]   from generator-angular-skeletons\pom.xml
[INFO] --------------------------------[ jar ]---------------------------------
[INFO] 
[INFO] --- resources:3.3.1:resources (default-resources) @ generator-angular-skeletons ---
[INFO] Copying 0 resource from src\main\resources to target\classes
[INFO] Copying 86 resources from src\main\resources to target\classes
[INFO] 
[INFO] --- compiler:3.11.0:compile (default-compile) @ generator-angular-skeletons ---
[INFO] Nothing to compile - all classes are up to date
[INFO] 
[INFO] --------------< org.ifolks.generator:generator-services >---------------
[INFO] Building Generator - Services 1.0.0-SNAPSHOT                      [9/11]
[INFO]   from generator-services\pom.xml
[INFO] --------------------------------[ jar ]---------------------------------
[INFO] 
[INFO] --- resources:3.3.1:resources (default-resources) @ generator-services ---
[INFO] skip non existing resourceDirectory C:\Users\nicol\OneDrive\dev\sources\ifolks-open-source\ifolks-generator\generator-services\src\main\resources
[INFO] skip non existing resourceDirectory C:\Users\nicol\OneDrive\dev\sources\ifolks-open-source\ifolks-generator\generator-services\src\main\resources
[INFO] 
[INFO] --- compiler:3.11.0:compile (default-compile) @ generator-services ---
[INFO] Nothing to compile - all classes are up to date
[INFO] 
[INFO] ----------------< org.ifolks.generator:generator-bash >-----------------
[INFO] Building Generator - Bash 1.0.0-SNAPSHOT                         [10/11]
[INFO]   from generator-bash\pom.xml
[INFO] --------------------------------[ jar ]---------------------------------
[INFO] 
[INFO] --- resources:3.3.1:resources (default-resources) @ generator-bash ---
[INFO] Copying 0 resource from src\main\resources to target\classes
[INFO] Copying 4 resources from src\main\resources to target\classes
[INFO] 
[INFO] --- compiler:3.11.0:compile (default-compile) @ generator-bash ---
[INFO] Nothing to compile - all classes are up to date
[INFO] 
[INFO] ----------------< org.ifolks.generator:generator-tests >----------------
[INFO] Building Generator - Tests 1.0.0-SNAPSHOT                        [11/11]
[INFO]   from generator-tests\pom.xml
[INFO] --------------------------------[ jar ]---------------------------------
[INFO] 
[INFO] --- resources:3.3.1:resources (default-resources) @ generator-tests ---
[INFO] skip non existing resourceDirectory C:\Users\nicol\OneDrive\dev\sources\ifolks-open-source\ifolks-generator\generator-tests\src\main\resources
[INFO] skip non existing resourceDirectory C:\Users\nicol\OneDrive\dev\sources\ifolks-open-source\ifolks-generator\generator-tests\src\main\resources
[INFO] 
[INFO] --- compiler:3.11.0:compile (default-compile) @ generator-tests ---
[INFO] No sources to compile
[INFO] ------------------------------------------------------------------------
[INFO] Reactor Summary for Generator - Root 1.0.0-SNAPSHOT:
[INFO] 
[INFO] Generator - Root ................................... SUCCESS [  0.039 s]
[INFO] Generator - Model .................................. SUCCESS [  0.493 s]
[INFO] Generator - Persistence ............................ SUCCESS [  0.166 s]
[INFO] Generator - Skeletons .............................. SUCCESS [  0.067 s]
[INFO] Generator - Components ............................. SUCCESS [  0.101 s]
[INFO] Generator - Core Skeletons ......................... SUCCESS [  0.175 s]
[INFO] Generator - REST Skeletons ......................... SUCCESS [  0.131 s]
[INFO] Generator - Angular Skeletons ...................... SUCCESS [  0.236 s]
[INFO] Generator - Services ............................... SUCCESS [  0.094 s]
[INFO] Generator - Bash ................................... SUCCESS [  0.189 s]
[INFO] Generator - Tests .................................. SUCCESS [  0.016 s]
[INFO] ------------------------------------------------------------------------
[INFO] BUILD SUCCESS
[INFO] ------------------------------------------------------------------------
[INFO] Total time:  2.153 s
[INFO] Finished at: 2026-04-05T20:04:40+02:00
[INFO] ------------------------------------------------------------------------
